// Jest Snapshot v1, https://goo.gl/fbAQLP

exports[`Quote component renders Quote 1`] = `
<section>
  <img
    src="/image"
  />
  <p>
    Fry
  </p>
  <p>
    What??
  </p>
</section>
`;
